C:\9.b\nagy kristof\Dolgozat\9Bdolgozat>git clone https://github.com/Strof15/9Bdolgozat.git
Cloning into '9Bdolgozat'...
warning: You appear to have cloned an empty repository.

C:\9.b\nagy kristof\Dolgozat\9Bdolgozat>git config --global user.name Strof15

C:\9.b\nagy kristof\Dolgozat\9Bdolgozat>git config --global user.mail robertnagykristof@gmail.com

C:\9.b\nagy kristof\Dolgozat\9Bdolgozat>cd C:\9.b\nagy kristof\Dolgozat\9Bdolgozat

C:\9.b\nagy kristof\Dolgozat\9Bdolgozat>git init
Reinitialized existing Git repository in C:/9.b/nagy kristof/Dolgozat/9Bdolgozat/.git/

C:\9.b\nagy kristof\Dolgozat\9Bdolgozat>git status
On branch master

No commits yet

nothing to commit (create/copy files and use "git add" to track)

C:\9.b\nagy kristof\Dolgozat\9Bdolgozat>copy con dolgozat.txt
sad^Z
        1 file(s) copied.

C:\9.b\nagy kristof\Dolgozat\9Bdolgozat>git add utasítások.txt

C:\9.b\nagy kristof\Dolgozat\9Bdolgozat>git status
On branch master

No commits yet

Changes to be committed:
  (use "git rm --cached <file>..." to unstage)
        new file:   "utas\303\255t\303\241sok.txt"

Untracked files:
  (use "git add <file>..." to include in what will be committed)
        dolgozat.txt


C:\9.b\nagy kristof\Dolgozat\9Bdolgozat>git commit -m "utasitasok"
[master (root-commit) d95d93d] utasitasok
 1 file changed, 4 insertions(+)
 create mode 100644 "utas\303\255t\303\241sok.txt"

C:\9.b\nagy kristof\Dolgozat\9Bdolgozat>git status
On branch master
Your branch is based on 'origin/master', but the upstream is gone.
  (use "git branch --unset-upstream" to fixup)

Untracked files:
  (use "git add <file>..." to include in what will be committed)
        dolgozat.txt

nothing added to commit but untracked files present (use "git add" to track)

C:\9.b\nagy kristof\Dolgozat\9Bdolgozat>

